
> gurufy@1.0.0 build
> vite build

[36mvite v5.4.21 [32mbuilding for production...[36m[39m
transforming...
[32mΓ£ô[39m 2762 modules transformed.
rendering chunks...
node.exe : [1m[33m[plugin:vite:reporter][39m[22m [33m[plugin vite:reporter] 
At line:1 char:1
+ & "C:\Program Files\nodejs/node.exe" "C:\Program Files\nodejs/node_mo ...
+ ~~~~~~~~~~~~~~~~~~~~~~~~~~~~~~~~~~~~~~~~~~~~~~~~~~~~~~~~~~~~~~~~~~~~~
    + CategoryInfo          : NotSpecified: ([1m[33m[plugi...vite:reporter] :String) [], RemoteException
    + FullyQualifiedErrorId : NativeCommandError
 
(!) C:/Users/my computer/Desktop/Teacher social media/src/pages/AITools.jsx is dynamically imported by C:/Users/my 
computer/Desktop/Teacher social media/src/App.jsx but also statically imported by C:/Users/my computer/Desktop/Teacher 
social media/src/components/GlobalAIAssistant.jsx, C:/Users/my computer/Desktop/Teacher social 
media/src/pages/AdminDashboard.jsx, dynamic import will not move module into another chunk.
[39m
computing gzip size...
[2mdist/[22m[32mregisterSW.js                                    [39m[1m[2m    0.13 kB[22m[1m[22m
[2mdist/[22m[32mmanifest.webmanifest                             [39m[1m[2m    0.34 kB[22m[1m[22m
[2mdist/[22m[32mindex.html                                       [39m[1m[2m    1.89 kB[22m[1m[22m[2m Γöé gzip:   0.82 kB[22m
[2mdist/[22m[32massets/KaTeX_Size3-Regular-CTq5MqoE.woff         [39m[1m[2m    4.42 kB[22m[1m[22m
[2mdist/[22m[32massets/KaTeX_Size4-Regular-Dl5lxZxV.woff2        [39m[1m[2m    4.93 kB[22m[1m[22m
[2mdist/[22m[32massets/KaTeX_Size2-Regular-Dy4dx90m.woff2        [39m[1m[2m    5.21 kB[22m[1m[22m
[2mdist/[22m[32massets/KaTeX_Size1-Regular-mCD8mA8B.woff2        [39m[1m[2m    5.47 kB[22m[1m[22m
[2mdist/[22m[32massets/KaTeX_Size4-Regular-BF-4gkZK.woff         [39m[1m[2m    5.98 kB[22m[1m[22m
[2mdist/[22m[32massets/KaTeX_Size2-Regular-oD1tc_U0.woff         [39m[1m[2m    6.19 kB[22m[1m[22m
[2mdist/[22m[32massets/KaTeX_Size1-Regular-C195tn64.woff         [39m[1m[2m    6.50 kB[22m[1m[22m
[2mdist/[22m[32massets/KaTeX_Caligraphic-Regular-Di6jR-x-.woff2  [39m[1m[2m    6.91 kB[22m[1m[22m
[2mdist/[22m[32massets/KaTeX_Caligraphic-Bold-Dq_IR9rO.woff2     [39m[1m[2m    6.91 kB[22m[1m[22m
[2mdist/[22m[32massets/KaTeX_Size3-Regular-DgpXs0kz.ttf          [39m[1m[2m    7.59 kB[22m[1m[22m
[2mdist/[22m[32massets/KaTeX_Caligraphic-Regular-CTRA-rTL.woff   [39m[1m[2m    7.66 kB[22m[1m[22m
[2mdist/[22m[32massets/KaTeX_Caligraphic-Bold-BEiXGLvX.woff      [39m[1m[2m    7.72 kB[22m[1m[22m
[2mdist/[22m[32massets/KaTeX_Script-Regular-D3wIWfF6.woff2       [39m[1m[2m    9.64 kB[22m[1m[22m
[2mdist/[22m[32massets/KaTeX_SansSerif-Regular-DDBCnlJ7.woff2    [39m[1m[2m   10.34 kB[22m[1m[22m
[2mdist/[22m[32massets/KaTeX_Size4-Regular-DWFBv043.ttf          [39m[1m[2m   10.36 kB[22m[1m[22m
[2mdist/[22m[32massets/KaTeX_Script-Regular-D5yQViql.woff        [39m[1m[2m   10.59 kB[22m[1m[22m
[2mdist/[22m[32massets/KaTeX_Fraktur-Regular-CTYiF6lA.woff2      [39m[1m[2m   11.32 kB[22m[1m[22m
[2mdist/[22m[32massets/KaTeX_Fraktur-Bold-CL6g_b3V.woff2         [39m[1m[2m   11.35 kB[22m[1m[22m
[2mdist/[22m[32massets/KaTeX_Size2-Regular-B7gKUWhC.ttf          [39m[1m[2m   11.51 kB[22m[1m[22m
[2mdist/[22m[32massets/KaTeX_SansSerif-Italic-C3H0VqGB.woff2     [39m[1m[2m   12.03 kB[22m[1m[22m
[2mdist/[22m[32massets/KaTeX_SansSerif-Bold-D1sUS0GD.woff2       [39m[1m[2m   12.22 kB[22m[1m[22m
[2mdist/[22m[32massets/KaTeX_Size1-Regular-Dbsnue_I.ttf          [39m[1m[2m   12.23 kB[22m[1m[22m
[2mdist/[22m[32massets/KaTeX_SansSerif-Regular-CS6fqUqJ.woff     [39m[1m[2m   12.32 kB[22m[1m[22m
[2mdist/[22m[32massets/KaTeX_Caligraphic-Regular-wX97UBjC.ttf    [39m[1m[2m   12.34 kB[22m[1m[22m
[2mdist/[22m[32massets/KaTeX_Caligraphic-Bold-ATXxdsX0.ttf       [39m[1m[2m   12.37 kB[22m[1m[22m
[2mdist/[22m[32massets/KaTeX_Fraktur-Regular-Dxdc4cR9.woff       [39m[1m[2m   13.21 kB[22m[1m[22m
[2mdist/[22m[32massets/KaTeX_Fraktur-Bold-BsDP51OF.woff          [39m[1m[2m   13.30 kB[22m[1m[22m
[2mdist/[22m[32massets/KaTeX_Typewriter-Regular-CO6r4hn1.woff2   [39m[1m[2m   13.57 kB[22m[1m[22m
[2mdist/[22m[32massets/KaTeX_SansSerif-Italic-DN2j7dab.woff      [39m[1m[2m   14.11 kB[22m[1m[22m
[2mdist/[22m[32massets/KaTeX_SansSerif-Bold-DbIhKOiC.woff        [39m[1m[2m   14.41 kB[22m[1m[22m
[2mdist/[22m[32massets/KaTeX_Typewriter-Regular-C0xS9mPB.woff    [39m[1m[2m   16.03 kB[22m[1m[22m
[2mdist/[22m[32massets/KaTeX_Math-BoldItalic-CZnvNsCZ.woff2      [39m[1m[2m   16.40 kB[22m[1m[22m
[2mdist/[22m[32massets/KaTeX_Math-Italic-t53AETM-.woff2          [39m[1m[2m   16.44 kB[22m[1m[22m
[2mdist/[22m[32massets/KaTeX_Script-Regular-C5JkGWo-.ttf         [39m[1m[2m   16.65 kB[22m[1m[22m
[2mdist/[22m[32massets/KaTeX_Main-BoldItalic-DxDJ3AOS.woff2      [39m[1m[2m   16.78 kB[22m[1m[22m
[2mdist/[22m[32massets/KaTeX_Main-Italic-NWA7e6Wa.woff2          [39m[1m[2m   16.99 kB[22m[1m[22m
[2mdist/[22m[32massets/KaTeX_Math-BoldItalic-iY-2wyZ7.woff       [39m[1m[2m   18.67 kB[22m[1m[22m
[2mdist/[22m[32massets/KaTeX_Math-Italic-DA0__PXp.woff           [39m[1m[2m   18.75 kB[22m[1m[22m
[2mdist/[22m[32massets/KaTeX_Main-BoldItalic-SpSLRI95.woff       [39m[1m[2m   19.41 kB[22m[1m[22m
[2mdist/[22m[32massets/KaTeX_SansSerif-Regular-BNo7hRIc.ttf      [39m[1m[2m   19.44 kB[22m[1m[22m
[2mdist/[22m[32massets/KaTeX_Fraktur-Regular-CB_wures.ttf        [39m[1m[2m   19.57 kB[22m[1m[22m
[2mdist/[22m[32massets/KaTeX_Fraktur-Bold-BdnERNNW.ttf           [39m[1m[2m   19.58 kB[22m[1m[22m
[2mdist/[22m[32massets/KaTeX_Main-Italic-BMLOBm91.woff           [39m[1m[2m   19.68 kB[22m[1m[22m
[2mdist/[22m[32massets/KaTeX_SansSerif-Italic-YYjJ1zSn.ttf       [39m[1m[2m   22.36 kB[22m[1m[22m
[2mdist/[22m[32massets/KaTeX_SansSerif-Bold-CFMepnvq.ttf         [39m[1m[2m   24.50 kB[22m[1m[22m
[2mdist/[22m[32massets/KaTeX_Main-Bold-Cx986IdX.woff2            [39m[1m[2m   25.32 kB[22m[1m[22m
[2mdist/[22m[32massets/KaTeX_Main-Regular-B22Nviop.woff2         [39m[1m[2m   26.27 kB[22m[1m[22m
[2mdist/[22m[32massets/KaTeX_Typewriter-Regular-D3Ib7_Hf.ttf     [39m[1m[2m   27.56 kB[22m[1m[22m
[2mdist/[22m[32massets/KaTeX_AMS-Regular-BQhdFMY1.woff2          [39m[1m[2m   28.08 kB[22m[1m[22m
[2mdist/[22m[32massets/KaTeX_Main-Bold-Jm3AIy58.woff             [39m[1m[2m   29.91 kB[22m[1m[22m
[2mdist/[22m[32massets/KaTeX_Main-Regular-Dr94JaBh.woff          [39m[1m[2m   30.77 kB[22m[1m[22m
[2mdist/[22m[32massets/KaTeX_Math-BoldItalic-B3XSjfu4.ttf        [39m[1m[2m   31.20 kB[22m[1m[22m
[2mdist/[22m[32massets/KaTeX_Math-Italic-flOr_0UB.ttf            [39m[1m[2m   31.31 kB[22m[1m[22m
[2mdist/[22m[32massets/KaTeX_Main-BoldItalic-DzxPMmG6.ttf        [39m[1m[2m   32.97 kB[22m[1m[22m
[2mdist/[22m[32massets/KaTeX_AMS-Regular-DMm9YOAa.woff           [39m[1m[2m   33.52 kB[22m[1m[22m
[2mdist/[22m[32massets/KaTeX_Main-Italic-3WenGoN9.ttf            [39m[1m[2m   33.58 kB[22m[1m[22m
[2mdist/[22m[32massets/KaTeX_Main-Bold-waoOVXN0.ttf              [39m[1m[2m   51.34 kB[22m[1m[22m
[2mdist/[22m[32massets/KaTeX_Main-Regular-ypZvNtVU.ttf           [39m[1m[2m   53.58 kB[22m[1m[22m
[2mdist/[22m[32massets/KaTeX_AMS-Regular-DRggAlZN.ttf            [39m[1m[2m   63.63 kB[22m[1m[22m
[2mdist/[22m[35massets/SmartExamMaker-wklAmtGL.css               [39m[1m[2m   29.24 kB[22m[1m[22m[2m Γöé gzip:   8.04 kB[22m
[2mdist/[22m[35massets/index-Ckf4E3H-.css                        [39m[1m[2m  292.82 kB[22m[1m[22m[2m Γöé gzip:  38.29 kB[22m
[2mdist/[22m[36massets/__vite-browser-external-BIHI7g3E.js       [39m[1m[2m    0.03 kB[22m[1m[22m[2m Γöé gzip:   0.05 kB[22m
[2mdist/[22m[36massets/chevron-down-CdopjKxw.js                  [39m[1m[2m    0.30 kB[22m[1m[22m[2m Γöé gzip:   0.24 kB[22m
[2mdist/[22m[36massets/chevron-left-Cbc4Ct_b.js                  [39m[1m[2m    0.30 kB[22m[1m[22m[2m Γöé gzip:   0.25 kB[22m
[2mdist/[22m[36massets/play-DOYLwkfh.js                          [39m[1m[2m    0.30 kB[22m[1m[22m[2m Γöé gzip:   0.25 kB[22m
[2mdist/[22m[36massets/activity-DTh7vohJ.js                      [39m[1m[2m    0.31 kB[22m[1m[22m[2m Γöé gzip:   0.25 kB[22m
[2mdist/[22m[36massets/plus-DqC_pbDG.js                          [39m[1m[2m    0.32 kB[22m[1m[22m[2m Γöé gzip:   0.25 kB[22m
[2mdist/[22m[36massets/message-square-C6CAVHmu.js                [39m[1m[2m    0.35 kB[22m[1m[22m[2m Γöé gzip:   0.27 kB[22m
[2mdist/[22m[36massets/rotate-ccw-BV1EH7C0.js                    [39m[1m[2m    0.37 kB[22m[1m[22m[2m Γöé gzip:   0.29 kB[22m
[2mdist/[22m[36massets/info-CGz9KPg9.js                          [39m[1m[2m    0.37 kB[22m[1m[22m[2m Γöé gzip:   0.28 kB[22m
[2mdist/[22m[36massets/x-circle-1enoh5i_.js                      [39m[1m[2m    0.38 kB[22m[1m[22m[2m Γöé gzip:   0.28 kB[22m
[2mdist/[22m[36massets/unlock-CGidouzj.js                        [39m[1m[2m    0.38 kB[22m[1m[22m[2m Γöé gzip:   0.30 kB[22m
[2mdist/[22m[36massets/star-ipAGGQZa.js                          [39m[1m[2m    0.38 kB[22m[1m[22m[2m Γöé gzip:   0.29 kB[22m
[2mdist/[22m[36massets/target-C2QLEGpU.js                        [39m[1m[2m    0.40 kB[22m[1m[22m[2m Γöé gzip:   0.27 kB[22m
[2mdist/[22m[36massets/notificationHelpers-7-Bfm6Gr.js           [39m[1m[2m    0.41 kB[22m[1m[22m[2m Γöé gzip:   0.28 kB[22m
[2mdist/[22m[36massets/camera-tmfIGlcZ.js                        [39m[1m[2m    0.42 kB[22m[1m[22m[2m Γöé gzip:   0.31 kB[22m
[2mdist/[22m[36massets/user-check-CMIrTHSJ.js                    [39m[1m[2m    0.42 kB[22m[1m[22m[2m Γöé gzip:   0.32 kB[22m
[2mdist/[22m[36massets/link-CVAL0RAu.js                          [39m[1m[2m    0.43 kB[22m[1m[22m[2m Γöé gzip:   0.30 kB[22m
[2mdist/[22m[36massets/alert-triangle-BmsbA-74.js                [39m[1m[2m    0.43 kB[22m[1m[22m[2m Γöé gzip:   0.31 kB[22m
[2mdist/[22m[36massets/image-DUXlwZFP.js                         [39m[1m[2m    0.44 kB[22m[1m[22m[2m Γöé gzip:   0.32 kB[22m
[2mdist/[22m[36massets/save-DpxI91Xu.js                          [39m[1m[2m    0.45 kB[22m[1m[22m[2m Γöé gzip:   0.32 kB[22m
[2mdist/[22m[36massets/printer-Bpb9WxrA.js                       [39m[1m[2m    0.47 kB[22m[1m[22m[2m Γöé gzip:   0.34 kB[22m
[2mdist/[22m[36massets/user-plus-D63eDoWm.js                     [39m[1m[2m    0.48 kB[22m[1m[22m[2m Γöé gzip:   0.34 kB[22m
[2mdist/[22m[36massets/shield-check-CUWQv2DJ.js                  [39m[1m[2m    0.49 kB[22m[1m[22m[2m Γöé gzip:   0.35 kB[22m
[2mdist/[22m[36massets/layout-dashboard-e5RRTZzY.js              [39m[1m[2m    0.52 kB[22m[1m[22m[2m Γöé gzip:   0.31 kB[22m
[2mdist/[22m[36massets/trash-2-CD-8JI6c.js                       [39m[1m[2m    0.53 kB[22m[1m[22m[2m Γöé gzip:   0.35 kB[22m
[2mdist/[22m[36massets/phone-cxq1LeMq.js                         [39m[1m[2m    0.56 kB[22m[1m[22m[2m Γöé gzip:   0.36 kB[22m
[2mdist/[22m[36massets/earth-CZki2kcp.js                         [39m[1m[2m    0.57 kB[22m[1m[22m[2m Γöé gzip:   0.37 kB[22m
[2mdist/[22m[36massets/building-2-BFJSKP4C.js                    [39m[1m[2m    0.61 kB[22m[1m[22m[2m Γöé gzip:   0.35 kB[22m
[2mdist/[22m[36massets/upload-BzwZ2WAz.js                        [39m[1m[2m    0.71 kB[22m[1m[22m[2m Γöé gzip:   0.38 kB[22m
[2mdist/[22m[36massets/palette-DlM9OYGS.js                       [39m[1m[2m    0.78 kB[22m[1m[22m[2m Γöé gzip:   0.45 kB[22m
[2mdist/[22m[36massets/store-BYBf_iAU.js                         [39m[1m[2m    0.82 kB[22m[1m[22m[2m Γöé gzip:   0.40 kB[22m
[2mdist/[22m[36massets/cloudinary-CoJKxV30.js                    [39m[1m[2m    2.44 kB[22m[1m[22m[2m Γöé gzip:   1.24 kB[22m
[2mdist/[22m[36massets/Todo-fyzws9DQ.js                          [39m[1m[2m    3.19 kB[22m[1m[22m[2m Γöé gzip:   1.37 kB[22m
[2mdist/[22m[36massets/GenerationHistory-BjkfQVZa.js             [39m[1m[2m    4.53 kB[22m[1m[22m[2m Γöé gzip:   1.83 kB[22m
[2mdist/[22m[36massets/TeacherSearch-7QXtHNKH.js                 [39m[1m[2m    5.06 kB[22m[1m[22m[2m Γöé gzip:   1.94 kB[22m
[2mdist/[22m[36massets/TeacherDashboard-C6ZsIW2O.js              [39m[1m[2m    5.86 kB[22m[1m[22m[2m Γöé gzip:   2.34 kB[22m
[2mdist/[22m[36massets/Certificates-Swb1MwBp.js                  [39m[1m[2m    6.05 kB[22m[1m[22m[2m Γöé gzip:   1.97 kB[22m
[2mdist/[22m[36massets/PixelArtStudio-ff6KdHYM.js                [39m[1m[2m    6.15 kB[22m[1m[22m[2m Γöé gzip:   2.47 kB[22m
[2mdist/[22m[36massets/JsonExplorer-BCdmR0kP.js                  [39m[1m[2m    6.37 kB[22m[1m[22m[2m Γöé gzip:   2.48 kB[22m
[2mdist/[22m[36massets/liveFeedService-BArPvg8G.js               [39m[1m[2m    6.72 kB[22m[1m[22m[2m Γöé gzip:   2.82 kB[22m
[2mdist/[22m[36massets/BinaryCalculator-BiYknblY.js              [39m[1m[2m    6.77 kB[22m[1m[22m[2m Γöé gzip:   2.27 kB[22m
[2mdist/[22m[36massets/MusicCodeDJ-yXVw7Fda.js                   [39m[1m[2m    6.94 kB[22m[1m[22m[2m Γöé gzip:   2.54 kB[22m
[2mdist/[22m[36massets/LogoDesigner-Bgd3lB6m.js                  [39m[1m[2m    7.21 kB[22m[1m[22m[2m Γöé gzip:   2.53 kB[22m
[2mdist/[22m[36massets/HTMLPlayground-CMUqbnPt.js                [39m[1m[2m    7.59 kB[22m[1m[22m[2m Γöé gzip:   2.78 kB[22m
[2mdist/[22m[36massets/Locker-J1Ux2XFj.js                        [39m[1m[2m    7.72 kB[22m[1m[22m[2m Γöé gzip:   2.57 kB[22m
[2mdist/[22m[36massets/SchoolDashboard-BmP6hpFd.js               [39m[1m[2m    7.98 kB[22m[1m[22m[2m Γöé gzip:   2.83 kB[22m
[2mdist/[22m[36massets/APINinja-3vvC5IH2.js                      [39m[1m[2m    8.07 kB[22m[1m[22m[2m Γöé gzip:   2.64 kB[22m
[2mdist/[22m[36massets/TerminalSim-CC69bY1q.js                   [39m[1m[2m    8.08 kB[22m[1m[22m[2m Γöé gzip:   3.28 kB[22m
[2mdist/[22m[36massets/TypingSpeedRacer-BCjFnsup.js              [39m[1m[2m    8.14 kB[22m[1m[22m[2m Γöé gzip:   2.92 kB[22m
[2mdist/[22m[36massets/RobotMazeSolver-BusEcWga.js               [39m[1m[2m    8.33 kB[22m[1m[22m[2m Γöé gzip:   3.04 kB[22m
[2mdist/[22m[36massets/Privacy-GBwPCGqq.js                       [39m[1m[2m    8.48 kB[22m[1m[22m[2m Γöé gzip:   3.25 kB[22m
[2mdist/[22m[36massets/GitSimulator-DgBswL-F.js                  [39m[1m[2m    8.52 kB[22m[1m[22m[2m Γöé gzip:   2.79 kB[22m
[2mdist/[22m[36massets/ImageGenLab-CNT76Bfh.js                   [39m[1m[2m    8.72 kB[22m[1m[22m[2m Γöé gzip:   3.23 kB[22m
[2mdist/[22m[36massets/AppUIBuilder-u8fcGYEl.js                  [39m[1m[2m    8.80 kB[22m[1m[22m[2m Γöé gzip:   2.77 kB[22m
[2mdist/[22m[36massets/Terms-DbK63EK7.js                         [39m[1m[2m    9.00 kB[22m[1m[22m[2m Γöé gzip:   3.43 kB[22m
[2mdist/[22m[36massets/EncryptionLab-Cx-sgauj.js                 [39m[1m[2m    9.06 kB[22m[1m[22m[2m Γöé gzip:   3.02 kB[22m
[2mdist/[22m[36massets/Pricing-D_iEwhb5.js                       [39m[1m[2m    9.09 kB[22m[1m[22m[2m Γöé gzip:   3.03 kB[22m
[2mdist/[22m[36massets/StockMarketSim-CUOai05z.js                [39m[1m[2m    9.23 kB[22m[1m[22m[2m Γöé gzip:   3.20 kB[22m
[2mdist/[22m[36massets/FaceAnalyzerLab-gltAsf-h.js               [39m[1m[2m    9.35 kB[22m[1m[22m[2m Γöé gzip:   3.64 kB[22m
[2mdist/[22m[36massets/GamePhysicsEngine-baWuPdNu.js             [39m[1m[2m    9.65 kB[22m[1m[22m[2m Γöé gzip:   3.49 kB[22m
[2mdist/[22m[36massets/AICreatorLab-DkGIvfg1.js                  [39m[1m[2m    9.74 kB[22m[1m[22m[2m Γöé gzip:   3.38 kB[22m
[2mdist/[22m[36massets/Blog-DimC8cM2.js                          [39m[1m[2m    9.99 kB[22m[1m[22m[2m Γöé gzip:   3.01 kB[22m
[2mdist/[22m[36massets/SummerCampHub-x9vLOrh2.js                 [39m[1m[2m   10.03 kB[22m[1m[22m[2m Γöé gzip:   3.69 kB[22m
[2mdist/[22m[36massets/Contact-Do6tGK7P.js                       [39m[1m[2m   10.20 kB[22m[1m[22m[2m Γöé gzip:   3.19 kB[22m
[2mdist/[22m[36massets/SpreadsheetSim---AnwwDg.js                [39m[1m[2m   10.28 kB[22m[1m[22m[2m Γöé gzip:   3.80 kB[22m
[2mdist/[22m[36massets/Groups-5i36BRfS.js                        [39m[1m[2m   10.29 kB[22m[1m[22m[2m Γöé gzip:   3.39 kB[22m
[2mdist/[22m[36massets/HowItWorks-BEOYnZ2f.js                    [39m[1m[2m   10.48 kB[22m[1m[22m[2m Γöé gzip:   3.35 kB[22m
[2mdist/[22m[36massets/SchoolProfile-CjciZf0f.js                 [39m[1m[2m   10.88 kB[22m[1m[22m[2m Γöé gzip:   3.32 kB[22m
[2mdist/[22m[36massets/DataDetective-DpGtK1Z9.js                 [39m[1m[2m   11.01 kB[22m[1m[22m[2m Γöé gzip:   4.08 kB[22m
[2mdist/[22m[36massets/Messaging-kthh8nZY.js                     [39m[1m[2m   11.21 kB[22m[1m[22m[2m Γöé gzip:   3.55 kB[22m
[2mdist/[22m[36massets/ClassroomQuiz-CkgDHFnn.js                 [39m[1m[2m   12.05 kB[22m[1m[22m[2m Γöé gzip:   3.68 kB[22m
[2mdist/[22m[36massets/About-B8GywTb9.js                         [39m[1m[2m   12.08 kB[22m[1m[22m[2m Γöé gzip:   3.41 kB[22m
[2mdist/[22m[36massets/BlockGameBuilder-BfyPor68.js              [39m[1m[2m   12.15 kB[22m[1m[22m[2m Γöé gzip:   3.81 kB[22m
[2mdist/[22m[36massets/LessonPlanner-sVAhXOq7.js                 [39m[1m[2m   13.17 kB[22m[1m[22m[2m Γöé gzip:   3.87 kB[22m
[2mdist/[22m[36massets/ChatbotBuilder-BEFYQ_5z.js                [39m[1m[2m   13.58 kB[22m[1m[22m[2m Γöé gzip:   4.50 kB[22m
[2mdist/[22m[36massets/Jobs-DvBARmJH.js                          [39m[1m[2m   13.77 kB[22m[1m[22m[2m Γöé gzip:   4.47 kB[22m
[2mdist/[22m[36massets/ExamPaperGen-BtiBXjnl.js                  [39m[1m[2m   14.50 kB[22m[1m[22m[2m Γöé gzip:   3.99 kB[22m
[2mdist/[22m[36massets/Gradebook-C_0MC-k6.js                     [39m[1m[2m   15.47 kB[22m[1m[22m[2m Γöé gzip:   4.49 kB[22m
[2mdist/[22m[36massets/index-DSFw7kI5.js                         [39m[1m[2m   18.08 kB[22m[1m[22m[2m Γöé gzip:   6.68 kB[22m
[2mdist/[22m[36massets/UserProfile-B1lW210U.js                   [39m[1m[2m   20.00 kB[22m[1m[22m[2m Γöé gzip:   5.89 kB[22m
[2mdist/[22m[36massets/Settings-DCPvGkdi.js                      [39m[1m[2m   20.17 kB[22m[1m[22m[2m Γöé gzip:   5.39 kB[22m
[2mdist/[22m[36massets/HandGestureCanvas-C_B-2QB4.js             [39m[1m[2m   21.79 kB[22m[1m[22m[2m Γöé gzip:   7.41 kB[22m
[2mdist/[22m[36massets/purify.es-BgtpMKW3.js                     [39m[1m[2m   22.77 kB[22m[1m[22m[2m Γöé gzip:   8.79 kB[22m
[2mdist/[22m[36massets/TeacherProfile-CQI7xR92.js                [39m[1m[2m   23.59 kB[22m[1m[22m[2m Γöé gzip:   6.11 kB[22m
[2mdist/[22m[36massets/SchoolTimetableHero-DiT2pFVp.js           [39m[1m[2m   25.25 kB[22m[1m[22m[2m Γöé gzip:   7.25 kB[22m
[2mdist/[22m[36massets/SyllabusBifurcator-C3RCeQoj.js            [39m[1m[2m   28.41 kB[22m[1m[22m[2m Γöé gzip:   8.33 kB[22m
[2mdist/[22m[36massets/Resources-4jVeU_v4.js                     [39m[1m[2m   29.71 kB[22m[1m[22m[2m Γöé gzip:   8.62 kB[22m
[2mdist/[22m[36massets/index.esm-BbiKR6qQ.js                     [39m[1m[2m   32.21 kB[22m[1m[22m[2m Γöé gzip:   6.81 kB[22m
[2mdist/[22m[36massets/AppInventorPro-DAjgbTiA.js                [39m[1m[2m   35.12 kB[22m[1m[22m[2m Γöé gzip:  10.18 kB[22m
[2mdist/[22m[36massets/PPTGenerator-CisbgqLG.js                  [39m[1m[2m   37.01 kB[22m[1m[22m[2m Γöé gzip:   9.97 kB[22m
[2mdist/[22m[36massets/AIDirectory-Ah-nZac1.js                   [39m[1m[2m   44.26 kB[22m[1m[22m[2m Γöé gzip:  12.17 kB[22m
[2mdist/[22m[36massets/AdminDashboard-krqjPtDS.js                [39m[1m[2m   80.92 kB[22m[1m[22m[2m Γöé gzip:  16.91 kB[22m
[2mdist/[22m[36massets/VisualGames-CvWA0lcz.js                   [39m[1m[2m   89.33 kB[22m[1m[22m[2m Γöé gzip:  19.75 kB[22m
[2mdist/[22m[36massets/index.es-C0LedDx3.js                      [39m[1m[2m  150.76 kB[22m[1m[22m[2m Γöé gzip:  51.59 kB[22m
[2mdist/[22m[36massets/vendor-MmPx1wQP.js                        [39m[1m[2m  164.69 kB[22m[1m[22m[2m Γöé gzip:  53.70 kB[22m
[2mdist/[22m[36massets/Timetable-CiprIfNq.js                     [39m[1m[2m  196.10 kB[22m[1m[22m[2m Γöé gzip:  43.19 kB[22m
[2mdist/[22m[36massets/SmartExamMaker-CPbp9Cal.js                [39m[1m[2m  342.86 kB[22m[1m[22m[2m Γöé gzip: 100.86 kB[22m
[2mdist/[22m[36massets/jspdf.es.min-BymNF5x6.js                  [39m[1m[2m  390.28 kB[22m[1m[22m[2m Γöé gzip: 128.75 kB[22m
[2mdist/[22m[36massets/index-BbeVvEuE.js                         [39m[1m[2m  452.28 kB[22m[1m[22m[2m Γöé gzip: 128.66 kB[22m
[2mdist/[22m[36massets/firebase-Dj-hG94h.js                      [39m[1m[2m  475.85 kB[22m[1m[22m[2m Γöé gzip: 111.28 kB[22m
[2mdist/[22m[36massets/fileExtractor-FLy9w8jO.js                 [39m[1m[2m  871.38 kB[22m[1m[22m[2m Γöé gzip: 243.31 kB[22m
[2mdist/[22m[36massets/utils-D0GxDr4n.js                         [39m[1m[2m1,358.10 kB[22m[1m[22m[2m Γöé gzip: 412.29 kB[22m
[32mΓ£ô built in 1m 17s[39m

PWA v1.2.0
mode      generateSW
precache  108 entries (5571.78 KiB)
files generated
  dist/sw.js
  dist/workbox-8c29f6e4.js
