[36mvite v5.4.21 [32mbuilding for production...[36m[39m
transforming...
[32mΓ£ô[39m 72 modules transformed.
node.exe : [31mx[39m Build failed in 5.34s
At line:1 char:1
+ & "C:\Program Files\nodejs/node.exe" "C:\Program Files\nodejs/node_mo ...
+ ~~~~~~~~~~~~~~~~~~~~~~~~~~~~~~~~~~~~~~~~~~~~~~~~~~~~~~~~~~~~~~~~~~~~~
    + CategoryInfo          : NotSpecified: ([31mx[39m Build failed in 5.34s:String) [], RemoteException
    + FullyQualifiedErrorId : NativeCommandError
 
[31merror during build:
[31msrc/utils/liveFeedService.js (41:7): Expected ',', got ':'[31m
file: [36mC:/Users/my computer/Desktop/Teacher social media/src/utils/liveFeedService.js:41:7[31m
[33m
39:       category: 'exam',
40:     },
41:   board: [
           ^
42:     {
43:       url: 
'https://news.google.com/rss/search?q=CBSE+official+circular+notification+board+exam&hl=en-IN&gl=IN&ceid=I...
[31m
    at getRollupError 
(file:///C:/Users/my%20computer/Desktop/Teacher%20social%20media/node_modules/rollup/dist/es/shared/parseAst.js:402:41)
    at ParseError.initialise (file:///C:/Users/my%20computer/Desktop/Teacher%20social%20media/node_modules/rollup/dist/
es/shared/node-entry.js:14465:28)
    at convertNode (file:///C:/Users/my%20computer/Desktop/Teacher%20social%20media/node_modules/rollup/dist/es/shared/
node-entry.js:16437:10)
    at convertProgram (file:///C:/Users/my%20computer/Desktop/Teacher%20social%20media/node_modules/rollup/dist/es/shar
ed/node-entry.js:15677:12)
    at Module.setSource (file:///C:/Users/my%20computer/Desktop/Teacher%20social%20media/node_modules/rollup/dist/es/sh
ared/node-entry.js:17392:24)
    at async ModuleLoader.addModuleSource (file:///C:/Users/my%20computer/Desktop/Teacher%20social%20media/node_modules
/rollup/dist/es/shared/node-entry.js:21497:13)[39m
